\BOOKMARK [1][-]{section.1}{\376\377\000E\000i\000n\000l\000e\000i\000t\000u\000n\000g}{}% 1
\BOOKMARK [1][-]{section.2}{\376\377\000G\000r\000u\000n\000d\000l\000a\000g\000e\000n}{}% 2
\BOOKMARK [2][-]{subsection.2.1}{\376\377\000S\000p\000i\000e\000l\000r\000e\000g\000e\000l\000n}{section.2}% 3
\BOOKMARK [2][-]{subsection.2.2}{\376\377\000P\000u\000n\000k\000t\000e\000s\000y\000s\000t\000e\000m}{section.2}% 4
\BOOKMARK [2][-]{subsection.2.3}{\376\377\000S\000p\000i\000e\000l\000u\000m\000g\000e\000b\000u\000n\000g}{section.2}% 5
\BOOKMARK [2][-]{subsection.2.4}{\376\377\000P\000h\000y\000s\000i\000k\000a\000l\000i\000s\000c\000h\000e\000\040\000I\000n\000t\000e\000r\000a\000k\000t\000i\000o\000n\000e\000n}{section.2}% 6
\BOOKMARK [1][-]{section.3}{\376\377\000I\000m\000p\000l\000e\000m\000e\000n\000t\000i\000e\000r\000u\000n\000g}{}% 7
\BOOKMARK [2][-]{subsection.3.1}{\376\377\000K\000l\000a\000s\000s\000e\000n}{section.3}% 8
\BOOKMARK [3][-]{subsubsection.3.1.1}{\376\377\000B\000a\000l\000l}{subsection.3.1}% 9
\BOOKMARK [3][-]{subsubsection.3.1.2}{\376\377\000B\000a\000l\000l\000T\000y\000p\000e\000\040\000E\000n\000u\000m}{subsection.3.1}% 10
\BOOKMARK [3][-]{subsubsection.3.1.3}{\376\377\000B\000i\000l\000l\000a\000r\000d\000\137\000s\000s\000d\000s\000\040\000\050\000M\000a\000i\000n\000-\000D\000a\000t\000e\000i\000\051}{subsection.3.1}% 11
\BOOKMARK [3][-]{subsubsection.3.1.4}{\376\377\000B\000i\000l\000l\000a\000r\000d\000C\000u\000e}{subsection.3.1}% 12
\BOOKMARK [3][-]{subsubsection.3.1.5}{\376\377\000G\000a\000m\000e\000C\000o\000n\000t\000r\000o\000l\000l\000e\000r}{subsection.3.1}% 13
\BOOKMARK [3][-]{subsubsection.3.1.6}{\376\377\000G\000a\000m\000e\000S\000t\000a\000t\000e\000\040\000E\000n\000u\000m}{subsection.3.1}% 14
\BOOKMARK [3][-]{subsubsection.3.1.7}{\376\377\000P\000l\000a\000y\000e\000r}{subsection.3.1}% 15
\BOOKMARK [3][-]{subsubsection.3.1.8}{\376\377\000P\000o\000c\000k\000e\000t\000s}{subsection.3.1}% 16
\BOOKMARK [3][-]{subsubsection.3.1.9}{\376\377\000S\000h\000o\000o\000t\000i\000n\000g\000B\000a\000r}{subsection.3.1}% 17
\BOOKMARK [3][-]{subsubsection.3.1.10}{\376\377\000T\000a\000b\000l\000e}{subsection.3.1}% 18
\BOOKMARK [3][-]{subsubsection.3.1.11}{\376\377\000V\000e\000c\000t\000o\000r\000D\000r\000a\000w\000e\000r}{subsection.3.1}% 19
\BOOKMARK [2][-]{subsection.3.2}{\376\377\000G\000r\000a\000f\000i\000s\000c\000h\000e\000\040\000D\000a\000r\000s\000t\000e\000l\000l\000u\000n\000g\000e\000n}{section.3}% 20
\BOOKMARK [2][-]{subsection.3.3}{\376\377\000M\000a\000t\000h\000e\000m\000a\000t\000i\000s\000c\000h\000e\000\040\000B\000e\000r\000e\000c\000h\000n\000u\000n\000g\000e\000n}{section.3}% 21
\BOOKMARK [1][-]{section.4}{\376\377\000F\000a\000z\000i\000t\000\040\000u\000n\000d\000\040\000A\000u\000s\000b\000l\000i\000c\000k}{}% 22
